git remote add origin https://github.com/triveni78/project1.git
git push -u origin main
 

hello 3veni
Microsoft Windows [Version 10.0.22621.3880]
(c) Microsoft Corporation. All rights reserved.

C:\Users\Triveni Butham\Documents\git hup\29-07-24>git comment -m "first commit.."
git: 'comment' is not a git command. See 'git --help'.

The most similar command is
        commit

C:\Users\Triveni Butham\Documents\git hup\29-07-24>git commit -m "first commit..."
Author identity unknown

*** Please tell me who you are.

Run

  git config --global user.email "you@example.com"
  git config --global user.name "Your Name"

to set your account's default identity.
Omit --global to set the identity only in this repository.

fatal: unable to auto-detect email address (got 'Triveni Butham@MTLP-376.(none)')

C:\Users\Triveni Butham\Documents\git hup\29-07-24>global user.email "triveni16484@.com"
'global' is not recognized as an internal or external command,
operable program or batch file.

C:\Users\Triveni Butham\Documents\git hup\29-07-24>git commit-m "first name"
git: 'commit-m' is not a git command. See 'git --help'.

The most similar command is
        commit-tree

C:\Users\Triveni Butham\Documents\git hup\29-07-24>git config --global user.email "triveni16484@gmail.com"

C:\Users\Triveni Butham\Documents\git hup\29-07-24>git config --global user.name "Triveni"

C:\Users\Triveni Butham\Documents\git hup\29-07-24>git commit -m "first commit"
[master (root-commit) 5600c5d] first commit
 1 file changed, 2 insertions(+)
 create mode 100644 Triveni.txt

C:\Users\Triveni Butham\Documents\git hup\29-07-24>git status
On branch master
nothing to commit, working tree clean

C:\Users\Triveni Butham\Documents\git hup\29-07-24>git remote add origin https://github.com/triveni78/project1.git

C:\Users\Triveni Butham\Documents\git hup\29-07-24>getstatus
'getstatus' is not recognized as an internal or external command,
operable program or batch file.

C:\Users\Triveni Butham\Documents\git hup\29-07-24>remote add origin
'remote' is not recognized as an internal or external command,
operable program or batch file.

C:\Users\Triveni Butham\Documents\git hup\29-07-24>git remote add origin
usage: git remote add [<options>] <name> <url>

    -f, --[no-]fetch      fetch the remote branches
    --[no-]tags           import all tags and associated objects when fetching
                          or do not fetch any tag at all (--no-tags)
    -t, --[no-]track <branch>
                          branch(es) to track
    -m, --[no-]master <branch>
                          master branch
    --[no-]mirror[=(push|fetch)]
                          set up remote as a mirror to push to or fetch from


C:\Users\Triveni Butham\Documents\git hup\29-07-24>git remote add origin https://github.com/triveni78/project1.git
error: remote origin already exists.

C:\Users\Triveni Butham\Documents\git hup\29-07-24>
C:\Users\Triveni Butham\Documents\git hup\29-07-24>git push -u origin master
fatal: User cancelled dialog.
Username for 'https://github.com':
Password for 'https://github.com':
remote: No anonymous write access.
fatal: Authentication failed for 'https://github.com/triveni78/project1.git/'

C:\Users\Triveni Butham\Documents\git hup\29-07-24>git push -u origin master
info: please complete authentication in your browser...
Enumerating objects: 3, done.
Counting objects: 100% (3/3), done.
Writing objects: 100% (3/3), 234 bytes | 33.00 KiB/s, done.
Total 3 (delta 0), reused 0 (delta 0), pack-reused 0 (from 0)
To https://github.com/triveni78/project1.git
 * [new branch]      master -> master
branch 'master' set up to track 'origin/master'.

C:\Users\Triveni Butham\Documents\git hup\29-07-24>
C:\Users\Triveni Butham\Documents\git hup\29-07-24>git commit -m "second commit"
On branch master
Your branch is up to date with 'origin/master'.

Changes not staged for commit:
  (use "git add <file>..." to update what will be committed)
  (use "git restore <file>..." to discard changes in working directory)
        modified:   Triveni.txt

Untracked files:
  (use "git add <file>..." to include in what will be committed)
        creat.txt

no changes added to commit (use "git add" and/or "git commit -a")

C:\Users\Triveni Butham\Documents\git hup\29-07-24>git add .

C:\Users\Triveni Butham\Documents\git hup\29-07-24>git commit -m "second commit"
[master d4d795f] second commit
 2 files changed, 8 insertions(+), 1 deletion(-)
 create mode 100644 creat.txt

C:\Users\Triveni Butham\Documents\git hup\29-07-24>git push -u origin master
Enumerating objects: 6, done.
Counting objects: 100% (6/6), done.
Delta compression using up to 4 threads
Compressing objects: 100% (3/3), done.
Writing objects: 100% (4/4), 403 bytes | 100.00 KiB/s, done.
Total 4 (delta 0), reused 0 (delta 0), pack-reused 0 (from 0)
To https://github.com/triveni78/project1.git
   5600c5d..d4d795f  master -> master
branch 'master' set up to track 'origin/master'.

C:\Users\Triveni Butham\Documents\git hup\29-07-24>